{
  "version": "1.5.0",
  "plugins_used": [
    {
      "name": "ArtifactoryDetector"
    },
    {
      "name": "AWSKeyDetector"
    },
    {
      "name": "AzureStorageKeyDetector"
    },
    {
      "name": "Base64HighEntropyString",
      "limit": 4.5
    },
    {
      "name": "BasicAuthDetector"
    },
    {
      "name": "CloudantDetector"
    },
    {
      "name": "DiscordBotTokenDetector"
    },
    {
      "name": "GitHubTokenDetector"
    },
    {
      "name": "GitLabTokenDetector"
    },
    {
      "name": "HexHighEntropyString",
      "limit": 3.0
    },
    {
      "name": "IbmCloudIamDetector"
    },
    {
      "name": "IbmCosHmacDetector"
    },
    {
      "name": "IPPublicDetector"
    },
    {
      "name": "JwtTokenDetector"
    },
    {
      "name": "KeywordDetector",
      "keyword_exclude": ""
    },
    {
      "name": "MailchimpDetector"
    },
    {
      "name": "NpmDetector"
    },
    {
      "name": "OpenAIDetector"
    },
    {
      "name": "PrivateKeyDetector"
    },
    {
      "name": "PypiTokenDetector"
    },
    {
      "name": "SendGridDetector"
    },
    {
      "name": "SlackDetector"
    },
    {
      "name": "SoftlayerDetector"
    },
    {
      "name": "SquareOAuthDetector"
    },
    {
      "name": "StripeDetector"
    },
    {
      "name": "TelegramBotTokenDetector"
    },
    {
      "name": "TwilioKeyDetector"
    }
  ],
  "filters_used": [
    {
      "path": "detect_secrets.filters.allowlist.is_line_allowlisted"
    },
    {
      "path": "detect_secrets.filters.common.is_baseline_file",
      "filename": ".secrets.baseline"
    },
    {
      "path": "detect_secrets.filters.common.is_ignored_due_to_verification_policies",
      "min_level": 2
    },
    {
      "path": "detect_secrets.filters.heuristic.is_indirect_reference"
    },
    {
      "path": "detect_secrets.filters.heuristic.is_likely_id_string"
    },
    {
      "path": "detect_secrets.filters.heuristic.is_lock_file"
    },
    {
      "path": "detect_secrets.filters.heuristic.is_not_alphanumeric_string"
    },
    {
      "path": "detect_secrets.filters.heuristic.is_potential_uuid"
    },
    {
      "path": "detect_secrets.filters.heuristic.is_prefixed_with_dollar_sign"
    },
    {
      "path": "detect_secrets.filters.heuristic.is_sequential_string"
    },
    {
      "path": "detect_secrets.filters.heuristic.is_swagger_file"
    },
    {
      "path": "detect_secrets.filters.heuristic.is_templated_secret"
    },
    {
      "path": "detect_secrets.filters.regex.should_exclude_file",
      "pattern": [
        "package-lock\\.json|node_modules|^(dist|dist-electron|release|coverage)/|^\\.semgrep/"
      ]
    }
  ],
  "results": {
    "src/main/crypto/SecretFieldCrypto.ts": [
      {
        "type": "Secret Keyword",
        "filename": "src/main/crypto/SecretFieldCrypto.ts",
        "hashed_secret": "ecb252044b5ea0f679ee78ec1a12904739e2904d",
        "is_verified": false,
        "line_number": 100
      }
    ],
    "tests/main/AwsSsoAuthService.test.ts": [
      {
        "type": "Secret Keyword",
        "filename": "tests/main/AwsSsoAuthService.test.ts",
        "hashed_secret": "360c23c1ac7d9d6dad1d0710606b0df9de6e1a18",
        "is_verified": false,
        "line_number": 136
      }
    ],
    "tests/main/CertificateParser.test.ts": [
      {
        "type": "Base64 High Entropy String",
        "filename": "tests/main/CertificateParser.test.ts",
        "hashed_secret": "37c7d30ab9837e97d22cb711c67f4aed75a558cd",
        "is_verified": false,
        "line_number": 13
      },
      {
        "type": "Base64 High Entropy String",
        "filename": "tests/main/CertificateParser.test.ts",
        "hashed_secret": "7f5d53279e1da5de425522a3ae7069397200ce3c",
        "is_verified": false,
        "line_number": 19
      },
      {
        "type": "Base64 High Entropy String",
        "filename": "tests/main/CertificateParser.test.ts",
        "hashed_secret": "0db97a6f405abe58e3f1e883b82727adb00bdec9",
        "is_verified": false,
        "line_number": 27
      },
      {
        "type": "Base64 High Entropy String",
        "filename": "tests/main/CertificateParser.test.ts",
        "hashed_secret": "f72f36fe25e2217de8c168ee828274a53af65018",
        "is_verified": false,
        "line_number": 29
      },
      {
        "type": "Base64 High Entropy String",
        "filename": "tests/main/CertificateParser.test.ts",
        "hashed_secret": "443023cf64e6cc14db485b2449c91c797af5c57b",
        "is_verified": false,
        "line_number": 31
      },
      {
        "type": "Base64 High Entropy String",
        "filename": "tests/main/CertificateParser.test.ts",
        "hashed_secret": "feec30ad7e032ea8fa60b7f542768e3fe481d634",
        "is_verified": false,
        "line_number": 33
      },
      {
        "type": "Base64 High Entropy String",
        "filename": "tests/main/CertificateParser.test.ts",
        "hashed_secret": "efd9fa0479f3e11bb5b8a62eb8ad0fc4d6cc8b82",
        "is_verified": false,
        "line_number": 35
      },
      {
        "type": "Base64 High Entropy String",
        "filename": "tests/main/CertificateParser.test.ts",
        "hashed_secret": "ab536cbb7ca00805cdca8130f62ccd2ed9fa4696",
        "is_verified": false,
        "line_number": 37
      }
    ],
    "tests/main/IpcBridge.sync.test.ts": [
      {
        "type": "Secret Keyword",
        "filename": "tests/main/IpcBridge.sync.test.ts",
        "hashed_secret": "0c731a5f1dc781894b434c27b9f6a9cd9d9bdfcb",
        "is_verified": false,
        "line_number": 196
      },
      {
        "type": "Secret Keyword",
        "filename": "tests/main/IpcBridge.sync.test.ts",
        "hashed_secret": "3c8c52507ebcf8010ffffc6f49ad46d17ecf6b3b",
        "is_verified": false,
        "line_number": 239
      },
      {
        "type": "Secret Keyword",
        "filename": "tests/main/IpcBridge.sync.test.ts",
        "hashed_secret": "77601e6c31fd70a22d4b4c1d85a503e4081a8caf",
        "is_verified": false,
        "line_number": 240
      },
      {
        "type": "Secret Keyword",
        "filename": "tests/main/IpcBridge.sync.test.ts",
        "hashed_secret": "91dae19f119340b23e25c4238e0811f84918d2c7",
        "is_verified": false,
        "line_number": 336
      }
    ],
    "tests/main/ProfileStore.encryption.test.ts": [
      {
        "type": "Secret Keyword",
        "filename": "tests/main/ProfileStore.encryption.test.ts",
        "hashed_secret": "4ea8d2335b430796cf3f500368c5b0f5b1dc90f5",
        "is_verified": false,
        "line_number": 60
      },
      {
        "type": "Secret Keyword",
        "filename": "tests/main/ProfileStore.encryption.test.ts",
        "hashed_secret": "99091d046a81493ef2545d8c3cd8e881e8702893",
        "is_verified": false,
        "line_number": 114
      },
      {
        "type": "Secret Keyword",
        "filename": "tests/main/ProfileStore.encryption.test.ts",
        "hashed_secret": "7bd93a2b3476cc9379cb0636ac830f0bb1f08dc7",
        "is_verified": false,
        "line_number": 138
      },
      {
        "type": "Secret Keyword",
        "filename": "tests/main/ProfileStore.encryption.test.ts",
        "hashed_secret": "300364636b4b8657abcb630336d672b026613d0c",
        "is_verified": false,
        "line_number": 159
      },
      {
        "type": "Secret Keyword",
        "filename": "tests/main/ProfileStore.encryption.test.ts",
        "hashed_secret": "ecd63941bcc425bc3529ea12c3a3d1a3e4dfec82",
        "is_verified": false,
        "line_number": 180
      },
      {
        "type": "Secret Keyword",
        "filename": "tests/main/ProfileStore.encryption.test.ts",
        "hashed_secret": "ea6dd3a9b0bcec228746179bc89817480c698ea3",
        "is_verified": false,
        "line_number": 187
      }
    ],
    "tests/main/ProfileStore.test.ts": [
      {
        "type": "Secret Keyword",
        "filename": "tests/main/ProfileStore.test.ts",
        "hashed_secret": "e5e9fa1ba31ecd1ae84f75caaa474f3a663f05f4",
        "is_verified": false,
        "line_number": 41
      },
      {
        "type": "Secret Keyword",
        "filename": "tests/main/ProfileStore.test.ts",
        "hashed_secret": "032c8a86f1867317cdeff3a3c4132bf34f642383",
        "is_verified": false,
        "line_number": 117
      },
      {
        "type": "Secret Keyword",
        "filename": "tests/main/ProfileStore.test.ts",
        "hashed_secret": "640d87e741e6aa4c669a82a4cd304787960513ab",
        "is_verified": false,
        "line_number": 157
      },
      {
        "type": "Secret Keyword",
        "filename": "tests/main/ProfileStore.test.ts",
        "hashed_secret": "4205714cdfe14ed9e3d030ddf7887781b964f510",
        "is_verified": false,
        "line_number": 204
      },
      {
        "type": "Secret Keyword",
        "filename": "tests/main/ProfileStore.test.ts",
        "hashed_secret": "920a25ef686c4f7ca6ad23dd109d3ad653161832",
        "is_verified": false,
        "line_number": 228
      }
    ],
    "tests/main/ProfileSyncService.test.ts": [
      {
        "type": "Secret Keyword",
        "filename": "tests/main/ProfileSyncService.test.ts",
        "hashed_secret": "4ea8d2335b430796cf3f500368c5b0f5b1dc90f5",
        "is_verified": false,
        "line_number": 254
      },
      {
        "type": "Secret Keyword",
        "filename": "tests/main/ProfileSyncService.test.ts",
        "hashed_secret": "c41f3ebbf05946fd1e29b544798dec04dd73c608",
        "is_verified": false,
        "line_number": 298
      },
      {
        "type": "Secret Keyword",
        "filename": "tests/main/ProfileSyncService.test.ts",
        "hashed_secret": "2d69cffe1d40622d38f7a179f5879cf1d68a65cd",
        "is_verified": false,
        "line_number": 359
      }
    ],
    "tests/main/RemoteSearchService.test.ts": [
      {
        "type": "Secret Keyword",
        "filename": "tests/main/RemoteSearchService.test.ts",
        "hashed_secret": "e5e9fa1ba31ecd1ae84f75caaa474f3a663f05f4",
        "is_verified": false,
        "line_number": 34
      }
    ],
    "tests/main/S3ContentSearchService.test.ts": [
      {
        "type": "Secret Keyword",
        "filename": "tests/main/S3ContentSearchService.test.ts",
        "hashed_secret": "e5e9fa1ba31ecd1ae84f75caaa474f3a663f05f4",
        "is_verified": false,
        "line_number": 47
      }
    ],
    "tests/main/S3StorageProvider.test.ts": [
      {
        "type": "Secret Keyword",
        "filename": "tests/main/S3StorageProvider.test.ts",
        "hashed_secret": "0b2d5ed0957b1044505b2a61c4404293d7c314e5",
        "is_verified": false,
        "line_number": 132
      },
      {
        "type": "Secret Keyword",
        "filename": "tests/main/S3StorageProvider.test.ts",
        "hashed_secret": "bc565f6e909ec7d3c18e2ff5d9eeb2300ff20b7f",
        "is_verified": false,
        "line_number": 232
      },
      {
        "type": "Secret Keyword",
        "filename": "tests/main/S3StorageProvider.test.ts",
        "hashed_secret": "ad9160627fc68229125f743e034de38cfd084ceb",
        "is_verified": false,
        "line_number": 262
      }
    ],
    "tests/main/SFTPStorageProvider.test.ts": [
      {
        "type": "Secret Keyword",
        "filename": "tests/main/SFTPStorageProvider.test.ts",
        "hashed_secret": "edbd1887e772e13c251f688a5f10c1ffbb67960d",
        "is_verified": false,
        "line_number": 103
      },
      {
        "type": "Secret Keyword",
        "filename": "tests/main/SFTPStorageProvider.test.ts",
        "hashed_secret": "d8ecf7db8fc9ec9c31bc5c9ae2929cc599c75f8d",
        "is_verified": false,
        "line_number": 148
      }
    ],
    "tests/main/SSHPtyManager.test.ts": [
      {
        "type": "Secret Keyword",
        "filename": "tests/main/SSHPtyManager.test.ts",
        "hashed_secret": "08cd923367890009657eab812753379bdb321eeb",
        "is_verified": false,
        "line_number": 238
      }
    ],
    "tests/main/SessionStore.test.ts": [
      {
        "type": "Secret Keyword",
        "filename": "tests/main/SessionStore.test.ts",
        "hashed_secret": "120340c3d011e9621b9bb88b5884221b25251b88",
        "is_verified": false,
        "line_number": 108
      }
    ],
    "tests/main/SmartcardDetector.test.ts": [
      {
        "type": "Secret Keyword",
        "filename": "tests/main/SmartcardDetector.test.ts",
        "hashed_secret": "e5e9fa1ba31ecd1ae84f75caaa474f3a663f05f4",
        "is_verified": false,
        "line_number": 522
      }
    ],
    "tests/main/SshNativeFileMerger.test.ts": [
      {
        "type": "Secret Keyword",
        "filename": "tests/main/SshNativeFileMerger.test.ts",
        "hashed_secret": "4ea8d2335b430796cf3f500368c5b0f5b1dc90f5",
        "is_verified": false,
        "line_number": 177
      }
    ],
    "tests/main/StorageRegistry.test.ts": [
      {
        "type": "Secret Keyword",
        "filename": "tests/main/StorageRegistry.test.ts",
        "hashed_secret": "9d4e1e23bd5b727046a9e3b4b7db57bd8d6ee684",
        "is_verified": false,
        "line_number": 59
      },
      {
        "type": "Secret Keyword",
        "filename": "tests/main/StorageRegistry.test.ts",
        "hashed_secret": "e5e9fa1ba31ecd1ae84f75caaa474f3a663f05f4",
        "is_verified": false,
        "line_number": 129
      }
    ],
    "tests/main/SyncConfigStore.test.ts": [
      {
        "type": "Secret Keyword",
        "filename": "tests/main/SyncConfigStore.test.ts",
        "hashed_secret": "e8af0e18ff4805f4efd84f58b0fa69e3780f35a4",
        "is_verified": false,
        "line_number": 54
      }
    ],
    "tests/main/proxySocket.test.ts": [
      {
        "type": "Secret Keyword",
        "filename": "tests/main/proxySocket.test.ts",
        "hashed_secret": "edbd1887e772e13c251f688a5f10c1ffbb67960d",
        "is_verified": false,
        "line_number": 60
      },
      {
        "type": "Secret Keyword",
        "filename": "tests/main/proxySocket.test.ts",
        "hashed_secret": "73d9604b99c5c9706db2c15f8261fced9d221cf7",
        "is_verified": false,
        "line_number": 136
      }
    ],
    "tests/renderer/ConnectionManagerModal.test.tsx": [
      {
        "type": "Secret Keyword",
        "filename": "tests/renderer/ConnectionManagerModal.test.tsx",
        "hashed_secret": "fe1bae27cb7c1fb823f496f286e78f1d2ae87734",
        "is_verified": false,
        "line_number": 48
      }
    ],
    "tests/renderer/SSHProfileForm.test.tsx": [
      {
        "type": "Secret Keyword",
        "filename": "tests/renderer/SSHProfileForm.test.tsx",
        "hashed_secret": "edbd1887e772e13c251f688a5f10c1ffbb67960d",
        "is_verified": false,
        "line_number": 33
      }
    ],
    "tests/renderer/SyncSettingsPanel.test.tsx": [
      {
        "type": "Secret Keyword",
        "filename": "tests/renderer/SyncSettingsPanel.test.tsx",
        "hashed_secret": "11e2165144b01b1e6730f81818debea490636597",
        "is_verified": false,
        "line_number": 311
      },
      {
        "type": "Secret Keyword",
        "filename": "tests/renderer/SyncSettingsPanel.test.tsx",
        "hashed_secret": "369f7509395f05772ef0f38cd6a608bef66efe97",
        "is_verified": false,
        "line_number": 485
      }
    ]
  },
  "generated_at": "2026-10-09T20:50:37Z"
}
